Log started: 2021-07-15 02:58
 CORRECT DATABASE
 IPN class loaded
 IPN INIT
 IPN SETUP CORRECTLYLog started: 2021-07-19 18:43
 CORRECT DATABASE
 IPN class loaded
 IPN INIT
 IPN SETUP CORRECTLYLog started: 2021-07-19 18:52
 CORRECT DATABASE
 IPN class loaded
 IPN INIT
 IPN SETUP CORRECTLYLog started: 2021-07-19 18:55
 CORRECT DATABASE
 IPN class loaded
 IPN INIT
 IPN SETUP CORRECTLYLog started: 2021-07-19 19:19
 CORRECT DATABASE
 IPN class loaded
 IPN INIT
 IPN SETUP CORRECTLYLog started: 2021-07-19 20:17
 CORRECT DATABASE
 IPN class loaded
 IPN INIT
 IPN SETUP CORRECTLYLog started: 2021-07-19 20:23
 CORRECT DATABASE
 IPN class loaded
 IPN INIT
 IPN SETUP CORRECTLYLog started: 2021-07-19 20:27
 CORRECT DATABASE
 IPN class loaded
 IPN INIT
 IPN SETUP CORRECTLYLog started: 2021-07-22 00:54
 CORRECT DATABASE
 IPN class loaded
 IPN INIT
 IPN SETUP CORRECTLYLog started: 2021-07-22 01:02
 CORRECT DATABASE
 IPN class loaded
 IPN INIT
 IPN SETUP CORRECTLYLog started: 2021-07-22 01:08
 CORRECT DATABASE
 IPN class loaded
 IPN INIT
 IPN SETUP CORRECTLYLog started: 2021-07-22 01:12
 CORRECT DATABASE
 IPN class loaded
 IPN INIT
 IPN SETUP CORRECTLYLog started: 2021-07-22 18:53
 CORRECT DATABASE
 IPN class loaded
 IPN INIT
 IPN SETUP CORRECTLYLog started: 2021-07-22 19:03
 CORRECT DATABASE
 IPN class loaded
 IPN INIT
 IPN SETUP CORRECTLYLog started: 2021-07-25 12:50
 CORRECT DATABASE
 IPN class loaded
 IPN INIT
 IPN SETUP CORRECTLYLog started: 2021-07-26 00:34
 CORRECT DATABASE
 IPN class loaded
 IPN INIT
 IPN SETUP CORRECTLYLog started: 2021-10-30 16:17
 CORRECT DATABASE
 IPN class loaded
 IPN INIT
 IPN SETUP CORRECTLYLog started: 2021-10-30 16:35
 CORRECT DATABASE
 IPN class loaded
 IPN INIT
 IPN SETUP CORRECTLYLog started: 2021-10-30 16:38
 CORRECT DATABASE
 IPN class loaded
 IPN INIT
 IPN SETUP CORRECTLYLog started: 2021-11-01 17:31
 CORRECT DATABASE
 IPN class loaded
 IPN INIT
 IPN SETUP CORRECTLY